// Jest Snapshot v1, https://goo.gl/fbAQLP

exports[`Probando el componente <NotFound/> Deberia mostrar <NotFound/> correctamente 1`] = `
<div>
  <h1>
    404
  </h1>
  <h2>
    Page not found
  </h2>
</div>
`;
